
Running 10 tests using 6 workers

[1A[2K[1/10] [chromium] ÔÇ║ e2e\api-restfulbooker.spec.ts:5:7 ÔÇ║ Restful-Booker - API Tests (Feature-Actions) ÔÇ║ CT06 - Autentica├º├úo B├ísica (Gerar Token)
[1A[2K[2/10] [chromium] ÔÇ║ e2e\api-restfulbooker.spec.ts:10:7 ÔÇ║ Restful-Booker - API Tests (Feature-Actions) ÔÇ║ CT07 - Autentica├º├úo com Credenciais Inv├ílidas (Cen├írio Negativo)
[1A[2K[3/10] [chromium] ÔÇ║ e2e\api-restfulbooker.spec.ts:42:7 ÔÇ║ Restful-Booker - API Tests (Feature-Actions) ÔÇ║ CT09 - Consultar e Atualizar Reserva Existente
[1A[2K[4/10] [chromium] ÔÇ║ e2e\api-restfulbooker.spec.ts:75:7 ÔÇ║ Restful-Booker - API Tests (Feature-Actions) ÔÇ║ CT10 - Deletar Reserva
[1A[2K[5/10] [chromium] ÔÇ║ e2e\api-restfulbooker.spec.ts:15:7 ÔÇ║ Restful-Booker - API Tests (Feature-Actions) ÔÇ║ CT08 - Criar Reserva (Campos Obrigat├│rios)
[1A[2K[6/10] [chromium] ÔÇ║ e2e\ui-saucedemo.spec.ts:9:7 ÔÇ║ Sauce Demo - UI Tests (Feature-Actions) ÔÇ║ CT01 - Login com Sucesso
[1A[2K[7/10] [chromium] ÔÇ║ e2e\ui-saucedemo.spec.ts:15:7 ÔÇ║ Sauce Demo - UI Tests (Feature-Actions) ÔÇ║ CT02 - Login com Usu├írio Bloqueado
[1A[2K[8/10] [chromium] ÔÇ║ e2e\ui-saucedemo.spec.ts:21:7 ÔÇ║ Sauce Demo - UI Tests (Feature-Actions) ÔÇ║ CT03 - Ordena├º├úo de Produtos pelo Pre├ºo (Crescente)
[1A[2K[9/10] [chromium] ÔÇ║ e2e\ui-saucedemo.spec.ts:29:7 ÔÇ║ Sauce Demo - UI Tests (Feature-Actions) ÔÇ║ CT04 - Fluxo Completo de Compra (Checkout)
[1A[2K[10/10] [chromium] ÔÇ║ e2e\ui-saucedemo.spec.ts:43:7 ÔÇ║ Sauce Demo - UI Tests (Feature-Actions) ÔÇ║ CT05 - Remo├º├úo de Itens do Carrinho e Logout
[1A[2K  1) [chromium] ÔÇ║ e2e\ui-saucedemo.spec.ts:43:7 ÔÇ║ Sauce Demo - UI Tests (Feature-Actions) ÔÇ║ CT05 - Remo├º├úo de Itens do Carrinho e Logout 

    Error: [2mexpect([22m[31mpage[39m[2m).[22mtoHaveURL[2m([22m[32mexpected[39m[2m)[22m failed

    Expected: [32m"https://www.saucedemo.com/[7mindex.html[27m"[39m
    Received: [31m"https://www.saucedemo.com/"[39m
    Timeout:  5000ms

    Call log:
    [2m  - Expect "toHaveURL" with timeout 5000ms[22m
    [2m    14 ├ù unexpected value "https://www.saucedemo.com/"[22m


       at ..\support\actions\uiLoginActions.ts:37

      35 |       await page.getByRole('button', { name: 'Open Menu' }).click();
      36 |       await page.getByRole('link', { name: 'Logout' }).click();
    > 37 |       await expect(page).toHaveURL('https://www.saucedemo.com/index.html');
         |                          ^
      38 |       await expect(page.locator('[data-test="login-button"]')).toBeVisible();
      39 |     }
      40 |   };
        at Object.logout (C:\Users\Colaborador\Documents\Automa├º├úo\teste-pratico-qa\support\actions\uiLoginActions.ts:37:26)
        at C:\Users\Colaborador\Documents\Automa├º├úo\teste-pratico-qa\e2e\ui-saucedemo.spec.ts:51:5

    attachment #1: screenshot (image/png) ÔöÇÔöÇÔöÇÔöÇÔöÇÔöÇÔöÇÔöÇÔöÇÔöÇÔöÇÔöÇÔöÇÔöÇÔöÇÔöÇÔöÇÔöÇÔöÇÔöÇÔöÇÔöÇÔöÇÔöÇÔöÇÔöÇÔöÇÔöÇÔöÇÔöÇÔöÇÔöÇÔöÇÔöÇÔöÇÔöÇÔöÇÔöÇÔöÇÔöÇÔöÇÔöÇÔöÇÔöÇÔöÇÔöÇÔöÇÔöÇÔöÇÔöÇÔöÇÔöÇÔöÇÔöÇÔöÇÔöÇÔöÇÔöÇ
    test-results\ui-saucedemo-Sauce-Demo----d4fa3--Itens-do-Carrinho-e-Logout-chromium\test-failed-1.png
    ÔöÇÔöÇÔöÇÔöÇÔöÇÔöÇÔöÇÔöÇÔöÇÔöÇÔöÇÔöÇÔöÇÔöÇÔöÇÔöÇÔöÇÔöÇÔöÇÔöÇÔöÇÔöÇÔöÇÔöÇÔöÇÔöÇÔöÇÔöÇÔöÇÔöÇÔöÇÔöÇÔöÇÔöÇÔöÇÔöÇÔöÇÔöÇÔöÇÔöÇÔöÇÔöÇÔöÇÔöÇÔöÇÔöÇÔöÇÔöÇÔöÇÔöÇÔöÇÔöÇÔöÇÔöÇÔöÇÔöÇÔöÇÔöÇÔöÇÔöÇÔöÇÔöÇÔöÇÔöÇÔöÇÔöÇÔöÇÔöÇÔöÇÔöÇÔöÇÔöÇÔöÇÔöÇÔöÇÔöÇÔöÇÔöÇÔöÇÔöÇÔöÇÔöÇÔöÇÔöÇÔöÇÔöÇÔöÇÔöÇÔöÇÔöÇÔöÇÔöÇÔöÇÔöÇÔöÇÔöÇ

    attachment #2: video (video/webm) ÔöÇÔöÇÔöÇÔöÇÔöÇÔöÇÔöÇÔöÇÔöÇÔöÇÔöÇÔöÇÔöÇÔöÇÔöÇÔöÇÔöÇÔöÇÔöÇÔöÇÔöÇÔöÇÔöÇÔöÇÔöÇÔöÇÔöÇÔöÇÔöÇÔöÇÔöÇÔöÇÔöÇÔöÇÔöÇÔöÇÔöÇÔöÇÔöÇÔöÇÔöÇÔöÇÔöÇÔöÇÔöÇÔöÇÔöÇÔöÇÔöÇÔöÇÔöÇÔöÇÔöÇÔöÇÔöÇÔöÇÔöÇÔöÇÔöÇÔöÇÔöÇÔöÇ
    test-results\ui-saucedemo-Sauce-Demo----d4fa3--Itens-do-Carrinho-e-Logout-chromium\video.webm
    ÔöÇÔöÇÔöÇÔöÇÔöÇÔöÇÔöÇÔöÇÔöÇÔöÇÔöÇÔöÇÔöÇÔöÇÔöÇÔöÇÔöÇÔöÇÔöÇÔöÇÔöÇÔöÇÔöÇÔöÇÔöÇÔöÇÔöÇÔöÇÔöÇÔöÇÔöÇÔöÇÔöÇÔöÇÔöÇÔöÇÔöÇÔöÇÔöÇÔöÇÔöÇÔöÇÔöÇÔöÇÔöÇÔöÇÔöÇÔöÇÔöÇÔöÇÔöÇÔöÇÔöÇÔöÇÔöÇÔöÇÔöÇÔöÇÔöÇÔöÇÔöÇÔöÇÔöÇÔöÇÔöÇÔöÇÔöÇÔöÇÔöÇÔöÇÔöÇÔöÇÔöÇÔöÇÔöÇÔöÇÔöÇÔöÇÔöÇÔöÇÔöÇÔöÇÔöÇÔöÇÔöÇÔöÇÔöÇÔöÇÔöÇÔöÇÔöÇÔöÇÔöÇÔöÇÔöÇÔöÇ

    Error Context: test-results\ui-saucedemo-Sauce-Demo----d4fa3--Itens-do-Carrinho-e-Logout-chromium\error-context.md


[1A[2K  1 failed
    [chromium] ÔÇ║ e2e\ui-saucedemo.spec.ts:43:7 ÔÇ║ Sauce Demo - UI Tests (Feature-Actions) ÔÇ║ CT05 - Remo├º├úo de Itens do Carrinho e Logout 
  9 passed (10.7s)
